// Jest Snapshot v1, https://goo.gl/fbAQLP

exports[`DuplicateList renders 1`] = `
<div
  className="DuplicateList-root-1"
>
  <ul
    className="MuiGridList-root-4 DuplicateList-gridList-2"
    style={
      Object {
        "margin": -2,
      }
    }
  >
    <li
      className="MuiGridListTile-root-5"
    >
      <div
        className="MuiGridListTile-tile-6"
      >
        <div
          className="MuiPaper-root-9 MuiPaper-shadow2-13 MuiPaper-rounded-10"
        >
          <div
            className="MuiPaper-root-9 MuiPaper-shadow2-13 MuiPaper-rounded-10"
          >
            aa
          </div>
          <div
            className="MuiPaper-root-9 MuiPaper-shadow2-13 MuiPaper-rounded-10"
          >
            1
          </div>
        </div>
      </div>
    </li>
    <li
      className="MuiGridListTile-root-5"
    >
      <div
        className="MuiGridListTile-tile-6"
      >
        <div
          className="MuiPaper-root-9 MuiPaper-shadow2-13 MuiPaper-rounded-10"
        >
          <div
            className="MuiPaper-root-9 MuiPaper-shadow2-13 MuiPaper-rounded-10"
          >
            bb
          </div>
          <div
            className="MuiPaper-root-9 MuiPaper-shadow2-13 MuiPaper-rounded-10"
          >
            10
          </div>
        </div>
      </div>
    </li>
  </ul>
</div>
`;
