// Jest Snapshot v1, https://goo.gl/fbAQLP

exports[`Duplicate item renders 1`] = `
<li
  className="MuiGridListTile-root-4"
>
  <div
    className="MuiGridListTile-tile-5"
  >
    <div
      className="MuiPaper-root-8 MuiPaper-shadow2-12 MuiPaper-rounded-9 DuplicateItem-root-1"
    >
      <div
        className="MuiPaper-root-8 MuiPaper-shadow2-12 MuiPaper-rounded-9 DuplicateItem-itemKey-2"
      >
        <h3
          className="MuiTypography-root-35 MuiTypography-subheading-42 MuiTypography-gutterBottom-52"
        >
          aa
        </h3>
      </div>
      <div
        className="MuiPaper-root-8 MuiPaper-shadow2-12 MuiPaper-rounded-9 DuplicateItem-itemValue-3"
      >
        <h3
          className="MuiTypography-root-35 MuiTypography-subheading-42 MuiTypography-gutterBottom-52"
        >
          1
        </h3>
      </div>
    </div>
  </div>
</li>
`;
