// Jest Snapshot v1, https://goo.gl/fbAQLP

exports[`ResultView renders the Error 1`] = `
<div>
  <div>
    An error occurred:
    <div>
      Something wrong with count
    </div>
  </div>
</div>
`;

exports[`ResultView renders the items properly 1`] = `
<div>
  <div
    className="DuplicateList-root-1"
  >
    <ul
      className="MuiGridList-root-4 DuplicateList-gridList-2"
      style={
        Object {
          "margin": -2,
        }
      }
    >
      <li
        className="MuiGridListTile-root-8"
      >
        <div
          className="MuiGridListTile-tile-9"
        >
          <div
            className="MuiPaper-root-12 MuiPaper-shadow2-16 MuiPaper-rounded-13 DuplicateItem-root-5"
          >
            <div
              className="MuiPaper-root-12 MuiPaper-shadow2-16 MuiPaper-rounded-13 DuplicateItem-itemKey-6"
            >
              aa
            </div>
            <div
              className="MuiPaper-root-12 MuiPaper-shadow2-16 MuiPaper-rounded-13 DuplicateItem-itemValue-7"
            >
              1
            </div>
          </div>
        </div>
      </li>
      <li
        className="MuiGridListTile-root-8"
      >
        <div
          className="MuiGridListTile-tile-9"
        >
          <div
            className="MuiPaper-root-12 MuiPaper-shadow2-16 MuiPaper-rounded-13 DuplicateItem-root-5"
          >
            <div
              className="MuiPaper-root-12 MuiPaper-shadow2-16 MuiPaper-rounded-13 DuplicateItem-itemKey-6"
            >
              bb
            </div>
            <div
              className="MuiPaper-root-12 MuiPaper-shadow2-16 MuiPaper-rounded-13 DuplicateItem-itemValue-7"
            >
              10
            </div>
          </div>
        </div>
      </li>
    </ul>
  </div>
</div>
`;
